['/health', '/api/v1/auth/register', '/api/v1/auth/login', '/api/v1/auth/me', '/api/v1/projects', '/api/v1/projects/{project_id}/documents', '/api/v1/projects/{project_id}/documents/{doc_key}', '/api/v1/projects/{project_id}/specs', '/api/v1/projects/{project_id}', '/api/v1/auth/me/api-keys', '/api/v1/auth/me/api-keys/{provider}', '/api/v1/auth/me/api-keys/test', '/api/v1/auth/me/api-keys/{provider}/test', '/api/v1/auth/me/api-keys/{provider}/reveal', '/api/v1/agents/projects/{project_id}/generate/stream', '/api/v1/agents/configs', '/api/v1/agents/configs/{slot_key}', '/api/v1/agents/configs/defaults', '/api/v1/code-agent/{project_id}/generate', '/api/v1/github/status', '/api/v1/github/repos', '/api/v1/github/push', '/api/v1/github/commits', '/api/v1/github/pull']